
Memory Configuration

Name             Origin             Length             Attributes
flash            0x08000000         0x00020000         xr
sram             0x20000000         0x00005000         xrw
*default*        0x00000000         0xffffffff

Linker script and memory map


.text           0x08000000      0x188
 *(.vector*)
 .vector        0x08000000       0x14 startup.o
                0x08000000                vectors
 *(.text*)
 .text          0x08000014       0xb4 main.o
                0x08000014                main
 .text          0x080000c8       0xc0 startup.o
                0x080000c8                reset_handler
                0x0800017c                default_handler
                0x0800017c                MM_fault_handler
                0x0800017c                H_fault_handler
                0x0800017c                NMI_handler
 *(.rodata*)
                0x08000188                . = ALIGN (0x4)
                0x08000188                _E_text = .

.glue_7         0x08000188        0x0
 .glue_7        0x00000000        0x0 linker stubs

.glue_7t        0x08000188        0x0
 .glue_7t       0x00000000        0x0 linker stubs

.vfp11_veneer   0x08000188        0x0
 .vfp11_veneer  0x00000000        0x0 linker stubs

.v4_bx          0x08000188        0x0
 .v4_bx         0x00000000        0x0 linker stubs

.iplt           0x08000188        0x0
 .iplt          0x00000000        0x0 main.o

.rel.dyn        0x08000188        0x0
 .rel.iplt      0x00000000        0x0 main.o

.data           0x20000000        0x8 load address 0x08000188
                0x20000000                _S_DATA = .
 *(.data)
 .data          0x20000000        0x8 main.o
                0x20000000                PTR_CRH
                0x20000004                PTR_ODR
 .data          0x20000008        0x0 startup.o
                0x20000008                . = ALIGN (0x4)
                0x20000008                _E_DATA = .

.igot.plt       0x20000008        0x0 load address 0x08000190
 .igot.plt      0x00000000        0x0 main.o

.bss            0x20000008     0x1000 load address 0x08000190
                0x20000008                _S_BSS = .
 *(.bss)
 .bss           0x20000008        0x0 main.o
 .bss           0x20000008        0x0 startup.o
                0x20000008                . = ALIGN (0x4)
                0x20000008                _E_BSS = .
                0x20001008                . = (. + 0x1000)
 *fill*         0x20000008     0x1000 
                0x20001008                _stack_point = .
LOAD main.o
LOAD startup.o
OUTPUT(learn-in-depth_cortex_m3.elf elf32-littlearm)

.debug_info     0x00000000      0x2f9
 .debug_info    0x00000000      0x197 main.o
 .debug_info    0x00000197      0x162 startup.o

.debug_abbrev   0x00000000      0x188
 .debug_abbrev  0x00000000       0xc6 main.o
 .debug_abbrev  0x000000c6       0xc2 startup.o

.debug_loc      0x00000000       0x9c
 .debug_loc     0x00000000       0x38 main.o
 .debug_loc     0x00000038       0x64 startup.o

.debug_aranges  0x00000000       0x40
 .debug_aranges
                0x00000000       0x20 main.o
 .debug_aranges
                0x00000020       0x20 startup.o

.debug_line     0x00000000      0x107
 .debug_line    0x00000000       0x58 main.o
 .debug_line    0x00000058       0xaf startup.o

.debug_str      0x00000000      0x199
 .debug_str     0x00000000      0x11b main.o
                                0x154 (size before relaxing)
 .debug_str     0x0000011b       0x7e startup.o
                                0x16d (size before relaxing)

.comment        0x00000000       0x11
 .comment       0x00000000       0x11 main.o
                                 0x12 (size before relaxing)
 .comment       0x00000000       0x12 startup.o

.ARM.attributes
                0x00000000       0x33
 .ARM.attributes
                0x00000000       0x33 main.o
 .ARM.attributes
                0x00000033       0x33 startup.o

.debug_frame    0x00000000       0x78
 .debug_frame   0x00000000       0x2c main.o
 .debug_frame   0x0000002c       0x4c startup.o
